
mdxusr7t UtopiaStd-Regular "AutoEnc_ipzj2offlew6ufwnzemqj6eetc ReEncodeFont" <[a_ipzj2o.enc <<UtopiaStd-Regular.otf
mdxusri7t UtopiaStd-Italic "AutoEnc_ipzj2offlew6ufwnzemqj6eetc ReEncodeFont" <[a_ipzj2o.enc <<UtopiaStd-Italic.otf
mdxuss7t UtopiaStd-Semibold "AutoEnc_ipzj2offlew6ufwnzemqj6eetc ReEncodeFont" <[a_ipzj2o.enc <<UtopiaStd-Semibold.otf
mdxussi7t UtopiaStd-SemiboldIt "AutoEnc_ipzj2offlew6ufwnzemqj6eetc ReEncodeFont" <[a_ipzj2o.enc <<UtopiaStd-SemiboldIt.otf
mdxusb7t UtopiaStd-Bold "AutoEnc_ipzj2offlew6ufwnzemqj6eetc ReEncodeFont" <[a_ipzj2o.enc <<UtopiaStd-Bold.otf
mdxusbi7t UtopiaStd-BoldIt "AutoEnc_ipzj2offlew6ufwnzemqj6eetc ReEncodeFont" <[a_ipzj2o.enc <<UtopiaStd-BoldIt.otf
mdwusr8t UtopiaStd-Regular "AutoEnc_oxfbe4c33hn7rj7vjro7v5uwef ReEncodeFont" <[a_oxfbe4.enc <<UtopiaStd-Regular.otf
mdwusri8t UtopiaStd-Italic "AutoEnc_oxfbe4c33hn7rj7vjro7v5uwef ReEncodeFont" <[a_oxfbe4.enc <<UtopiaStd-Italic.otf
mdwuss8t UtopiaStd-Semibold "AutoEnc_oxfbe4c33hn7rj7vjro7v5uwef ReEncodeFont" <[a_oxfbe4.enc <<UtopiaStd-Semibold.otf
mdwussi8t UtopiaStd-SemiboldIt "AutoEnc_oxfbe4c33hn7rj7vjro7v5uwef ReEncodeFont" <[a_oxfbe4.enc <<UtopiaStd-SemiboldIt.otf
mdwusb8t UtopiaStd-Bold "AutoEnc_oxfbe4c33hn7rj7vjro7v5uwef ReEncodeFont" <[a_oxfbe4.enc <<UtopiaStd-Bold.otf
mdwusbi8t UtopiaStd-BoldIt "AutoEnc_oxfbe4c33hn7rj7vjro7v5uwef ReEncodeFont" <[a_oxfbe4.enc <<UtopiaStd-BoldIt.otf
mdwusrc8t UtopiaStd-Regular "AutoEnc_qzg4u4adnazr355qa24brtovfd ReEncodeFont" <[a_qzg4u4.enc <<UtopiaStd-Regular.otf
mdwusric8t UtopiaStd-Italic "AutoEnc_42s2zle7mgn5uliy5jk7iepled ReEncodeFont" <[a_42s2zl.enc <<UtopiaStd-Italic.otf
mdwussc8t UtopiaStd-Semibold "AutoEnc_qzg4u4adnazr355qa24brtovfd ReEncodeFont" <[a_qzg4u4.enc <<UtopiaStd-Semibold.otf
mdwussic8t UtopiaStd-SemiboldIt "AutoEnc_42s2zle7mgn5uliy5jk7iepled ReEncodeFont" <[a_42s2zl.enc <<UtopiaStd-SemiboldIt.otf
mdwusbc8t UtopiaStd-Bold "AutoEnc_qzg4u4adnazr355qa24brtovfd ReEncodeFont" <[a_qzg4u4.enc <<UtopiaStd-Bold.otf
mdwusbic8t UtopiaStd-BoldIt "AutoEnc_42s2zle7mgn5uliy5jk7iepled ReEncodeFont" <[a_42s2zl.enc <<UtopiaStd-BoldIt.otf
mdwusr7m UtopiaStd-Regular "AutoEnc_telfo7jl555iin3g2ql7wd4cne ReEncodeFont" <[a_telfo7.enc <<UtopiaStd-Regular.otf
mdwusri7m UtopiaStd-Italic "AutoEnc_telfo7jl555iin3g2ql7wd4cne ReEncodeFont" <[a_telfo7.enc <<UtopiaStd-Italic.otf
mdwuss7m UtopiaStd-Semibold "AutoEnc_telfo7jl555iin3g2ql7wd4cne ReEncodeFont" <[a_telfo7.enc <<UtopiaStd-Semibold.otf
mdwussi7m UtopiaStd-SemiboldIt "AutoEnc_telfo7jl555iin3g2ql7wd4cne ReEncodeFont" <[a_telfo7.enc <<UtopiaStd-SemiboldIt.otf
mdwusb7m UtopiaStd-Bold "AutoEnc_telfo7jl555iin3g2ql7wd4cne ReEncodeFont" <[a_telfo7.enc <<UtopiaStd-Bold.otf
mdwusbi7m UtopiaStd-BoldIt "AutoEnc_telfo7jl555iin3g2ql7wd4cne ReEncodeFont" <[a_telfo7.enc <<UtopiaStd-BoldIt.otf
mdwusr7y UtopiaStd-Regular "AutoEnc_kld4ucx3yr56c6eryjqjbbimbb ReEncodeFont" <[a_kld4uc.enc <<UtopiaStd-Regular.otf
mdwusri7y UtopiaStd-Italic "AutoEnc_kld4ucx3yr56c6eryjqjbbimbb ReEncodeFont" <[a_kld4uc.enc <<UtopiaStd-Italic.otf
mdwuss7y UtopiaStd-Semibold "AutoEnc_kld4ucx3yr56c6eryjqjbbimbb ReEncodeFont" <[a_kld4uc.enc <<UtopiaStd-Semibold.otf
mdwussi7y UtopiaStd-SemiboldIt "AutoEnc_kld4ucx3yr56c6eryjqjbbimbb ReEncodeFont" <[a_kld4uc.enc <<UtopiaStd-SemiboldIt.otf
mdwusb7y UtopiaStd-Bold "AutoEnc_kld4ucx3yr56c6eryjqjbbimbb ReEncodeFont" <[a_kld4uc.enc <<UtopiaStd-Bold.otf
mdwusbi7y UtopiaStd-BoldIt "AutoEnc_kld4ucx3yr56c6eryjqjbbimbb ReEncodeFont" <[a_kld4uc.enc <<UtopiaStd-BoldIt.otf
